[shell-scenarios] Using ISO: /home/runner/work/enzos/enzos/os/enzos.iso
[shell-scenarios] Starting QEMU in headless mode...
[shell-scenarios] 
[shell-scenarios] QEMU started with PID 5322
[shell-scenarios] Waiting for QEMU monitor...
[shell-scenarios] Monitor is ready!
[shell-scenarios] 
[shell-scenarios] Running tests...
[shell-scenarios] 
=== RUN   TestShellScenarios
=== RUN   TestShellScenarios/OS_Ready
    shell_scenarios_test.go:148: Scenario "OS Ready" passed. VGA output:
        
                               .
                        :=*#%@@%%*=...
                    -#%@@@%*+++==-::+%@@*:
                 .-#@@%*:           .*@@@@%
                -*@%%-                .*@@@@-
               =%@@*.                   -%@@@:
              -%%@+                      -@@@%.
             :%@@#.                       #@@@-
             =@@@=                        +@@@*
             *@@@:                        =@@@#
             +@@@-                        +@@@+
             -%@@*                       .#@@@-
             :%%@%-                      +@@@%.
              =@@@@=                    =%@@@.
               -@@@@#-                 *@@@@:
                =%@@@@@+:            .=@@@%.
                  +@@@@@@@@@%-      -#@%%=
                    -%@@@@@@@@.   .-=-+-
                       :*%%%*.     .
        EnzOS booted successfully.
        Filesystem initialized.
        
        $
=== RUN   TestShellScenarios/Echo_Hello_World
    shell_scenarios_test.go:148: Scenario "Echo Hello World" passed. VGA output:
                               .
                        :=*#%@@%%*=...
                    -#%@@@%*+++==-::+%@@*:
                 .-#@@%*:           .*@@@@%
                -*@%%-                .*@@@@-
               =%@@*.                   -%@@@:
              -%%@+                      -@@@%.
             :%@@#.                       #@@@-
             =@@@=                        +@@@*
             *@@@:                        =@@@#
             +@@@-                        +@@@+
             -%@@*                       .#@@@-
             :%%@%-                      +@@@%.
              =@@@@=                    =%@@@.
               -@@@@#-                 *@@@@:
                =%@@@@@+:            .=@@@%.
                  +@@@@@@@@@%-      -#@%%=
                    -%@@@@@@@@.   .-=-+-
                       :*%%%*.     .
        EnzOS booted successfully.
        Filesystem initialized.
        
        $ echo "Hello, World"
        Hello, World
        $
=== RUN   TestShellScenarios/Backspace_Delete
    shell_scenarios_test.go:148: Scenario "Backspace Delete" passed. VGA output:
                    -#%@@@%*+++==-::+%@@*:
                 .-#@@%*:           .*@@@@%
                -*@%%-                .*@@@@-
               =%@@*.                   -%@@@:
              -%%@+                      -@@@%.
             :%@@#.                       #@@@-
             =@@@=                        +@@@*
             *@@@:                        =@@@#
             +@@@-                        +@@@+
             -%@@*                       .#@@@-
             :%%@%-                      +@@@%.
              =@@@@=                    =%@@@.
               -@@@@#-                 *@@@@:
                =%@@@@@+:            .=@@@%.
                  +@@@@@@@@@%-      -#@%%=
                    -%@@@@@@@@.   .-=-+-
                       :*%%%*.     .
        EnzOS booted successfully.
        Filesystem initialized.
        
        $ echo "Hello, World"
        Hello, World
        $ echo right
        right
        $
=== RUN   TestShellScenarios/Filesystem_PWD
    shell_scenarios_test.go:148: Scenario "Filesystem PWD" passed. VGA output:
                -*@%%-                .*@@@@-
               =%@@*.                   -%@@@:
              -%%@+                      -@@@%.
             :%@@#.                       #@@@-
             =@@@=                        +@@@*
             *@@@:                        =@@@#
             +@@@-                        +@@@+
             -%@@*                       .#@@@-
             :%%@%-                      +@@@%.
              =@@@@=                    =%@@@.
               -@@@@#-                 *@@@@:
                =%@@@@@+:            .=@@@%.
                  +@@@@@@@@@%-      -#@%%=
                    -%@@@@@@@@.   .-=-+-
                       :*%%%*.     .
        EnzOS booted successfully.
        Filesystem initialized.
        
        $ echo "Hello, World"
        Hello, World
        $ echo right
        right
        $ pwd
        /
        $
=== RUN   TestShellScenarios/Touch_And_List
    shell_scenarios_test.go:148: Scenario "Touch And List" passed. VGA output:
             :%@@#.                       #@@@-
             =@@@=                        +@@@*
             *@@@:                        =@@@#
             +@@@-                        +@@@+
             -%@@*                       .#@@@-
             :%%@%-                      +@@@%.
              =@@@@=                    =%@@@.
               -@@@@#-                 *@@@@:
                =%@@@@@+:            .=@@@%.
                  +@@@@@@@@@%-      -#@%%=
                    -%@@@@@@@@.   .-=-+-
                       :*%%%*.     .
        EnzOS booted successfully.
        Filesystem initialized.
        
        $ echo "Hello, World"
        Hello, World
        $ echo right
        right
        $ pwd
        /
        $ touch notes
        $ ls
        notes
        $
=== RUN   TestShellScenarios/Write_And_Cat
    shell_scenarios_test.go:148: Scenario "Write And Cat" passed. VGA output:
             -%@@*                       .#@@@-
             :%%@%-                      +@@@%.
              =@@@@=                    =%@@@.
               -@@@@#-                 *@@@@:
                =%@@@@@+:            .=@@@%.
                  +@@@@@@@@@%-      -#@%%=
                    -%@@@@@@@@.   .-=-+-
                       :*%%%*.     .
        EnzOS booted successfully.
        Filesystem initialized.
        
        $ echo "Hello, World"
        Hello, World
        $ echo right
        right
        $ pwd
        /
        $ touch notes
        $ ls
        notes
        $ echo hello world > notes
        $ cat notes
        hello world
        
        $
=== RUN   TestShellScenarios/Change_Directory
    shell_scenarios_test.go:148: Scenario "Change Directory" passed. VGA output:
                  +@@@@@@@@@%-      -#@%%=
                    -%@@@@@@@@.   .-=-+-
                       :*%%%*.     .
        EnzOS booted successfully.
        Filesystem initialized.
        
        $ echo "Hello, World"
        Hello, World
        $ echo right
        right
        $ pwd
        /
        $ touch notes
        $ ls
        notes
        $ echo hello world > notes
        $ cat notes
        hello world
        
        $ cd /
        $ mkdir home
        $ cd home
        $ pwd
        /home
        $
=== RUN   TestShellScenarios/Tree_And_Remove
    shell_scenarios_test.go:148: Scenario "Tree And Remove" passed. VGA output:
        hello world
        
        $ cd /
        $ mkdir home
        $ cd home
        $ pwd
        /home
        $ cd /
        $ mkdir projects
        $ cd projects
        $ mkdir docs
        $ touch temp
        $ tree
        projects/
          docs/
          temp
        $ rm temp
        $ rmdir docs
        $ cd /
        $ rm -r projects
        $ rm notes
        $ rm -r home
        $ tree
        /
        $
--- PASS: TestShellScenarios (36.89s)
    --- PASS: TestShellScenarios/OS_Ready (6.12s)
    --- PASS: TestShellScenarios/Echo_Hello_World (2.94s)
    --- PASS: TestShellScenarios/Backspace_Delete (2.97s)
    --- PASS: TestShellScenarios/Filesystem_PWD (1.26s)
    --- PASS: TestShellScenarios/Touch_And_List (2.33s)
    --- PASS: TestShellScenarios/Write_And_Cat (4.34s)
    --- PASS: TestShellScenarios/Change_Directory (3.63s)
    --- PASS: TestShellScenarios/Tree_And_Remove (13.24s)
PASS
ok  	github.com/tonitienda/enzos/tests/cmd	36.890s
[shell-scenarios] 
[shell-scenarios] Tests completed. Stopping QEMU...
qemu-system-x86_64: terminating on signal 15 from pid 5315 ()
